// Jest Snapshot v1, https://goo.gl/fbAQLP

exports[`Home page displays correctly 1`] = `
Array [
  <h1>
    Welcome to our page!
  </h1>,
  <p>
    Lorem ipsum dolor sit amet, consectetur adipisicing elit. At facere unde ipsum quae quisquam sapiente provident harum repellat sit, temporibus corporis consequatur distinctio vero dolorum ab sunt tempora ipsa minus?
  </p>,
]
`;
