// Jest Snapshot v1, https://goo.gl/fbAQLP

exports[`Layout componet renders as expected! 1`] = `
<div
  className="clas navbar"
>
  <span
    className="nav-left"
  >
    Math Magician
  </span>
  <div
    className="nav-right"
  >
    <a
      aria-current="page"
      className="active"
      href="/"
      onClick={[Function]}
    >
      Home
    </a>
    <a
      className=""
      href="/calculator"
      onClick={[Function]}
    >
      Calculator
    </a>
    <a
      className=""
      href="/quote"
      onClick={[Function]}
    >
      Quote
    </a>
  </div>
</div>
`;
